2026-04-27 21:58:30,479 | INFO | loaded field candidate file=/Users/zpdedn/Documents/project/Worldquantbrain/runs/research-contracts/2026-04-27-pv13-remaining-field_candidates.json
2026-04-27 21:58:30,479 | INFO | batch_id=2026-04-27-pv13-remaining-batch-01
2026-04-27 21:58:30,479 | INFO | field_count=10
2026-04-27 21:58:30,480 | INFO | generated_candidates=240
2026-04-27 21:58:30,625 | WARNING | similarity warning candidate=2026-04-27-pv13-remaining-batch-01:pv13_ustomergraphrank_auth_rank:1:20:None score=0.772 match_level=structural
2026-04-27 21:58:30,752 | WARNING | similarity warning candidate=2026-04-27-pv13-remaining-batch-01:pv13_ustomergraphrank_auth_rank:1:20:Market score=0.772 match_level=structural
2026-04-27 21:58:30,878 | WARNING | similarity warning candidate=2026-04-27-pv13-remaining-batch-01:pv13_ustomergraphrank_auth_rank:1:60:None score=0.772 match_level=structural
2026-04-27 21:58:31,002 | WARNING | similarity warning candidate=2026-04-27-pv13-remaining-batch-01:pv13_ustomergraphrank_auth_rank:1:60:Market score=0.772 match_level=structural
2026-04-27 21:58:31,122 | WARNING | similarity warning candidate=2026-04-27-pv13-remaining-batch-01:pv13_ustomergraphrank_auth_rank:1:120:None score=0.773 match_level=structural
2026-04-27 21:58:31,246 | WARNING | similarity warning candidate=2026-04-27-pv13-remaining-batch-01:pv13_ustomergraphrank_auth_rank:1:120:Market score=0.773 match_level=structural
2026-04-27 21:58:31,371 | WARNING | similarity warning candidate=2026-04-27-pv13-remaining-batch-01:pv13_ustomergraphrank_auth_rank:2:20:None score=0.769 match_level=structural
2026-04-27 21:58:31,495 | WARNING | similarity warning candidate=2026-04-27-pv13-remaining-batch-01:pv13_ustomergraphrank_auth_rank:2:20:Market score=0.769 match_level=structural
2026-04-27 21:58:31,618 | WARNING | similarity warning candidate=2026-04-27-pv13-remaining-batch-01:pv13_ustomergraphrank_auth_rank:2:60:None score=0.760 match_level=structural
2026-04-27 21:58:31,739 | WARNING | similarity warning candidate=2026-04-27-pv13-remaining-batch-01:pv13_ustomergraphrank_auth_rank:2:60:Market score=0.760 match_level=structural
2026-04-27 21:58:31,866 | WARNING | similarity warning candidate=2026-04-27-pv13-remaining-batch-01:pv13_ustomergraphrank_auth_rank:2:120:None score=0.774 match_level=structural
2026-04-27 21:58:31,993 | WARNING | similarity warning candidate=2026-04-27-pv13-remaining-batch-01:pv13_ustomergraphrank_auth_rank:2:120:Market score=0.774 match_level=structural
2026-04-27 21:58:33,741 | WARNING | similarity warning candidate=2026-04-27-pv13-remaining-batch-01:pv13_ustomergraphrank_hub_rank:1:20:None score=0.767 match_level=structural
2026-04-27 21:58:33,860 | WARNING | similarity warning candidate=2026-04-27-pv13-remaining-batch-01:pv13_ustomergraphrank_hub_rank:1:20:Market score=0.767 match_level=structural
2026-04-27 21:58:33,976 | WARNING | similarity warning candidate=2026-04-27-pv13-remaining-batch-01:pv13_ustomergraphrank_hub_rank:1:60:None score=0.767 match_level=structural
2026-04-27 21:58:34,092 | WARNING | similarity warning candidate=2026-04-27-pv13-remaining-batch-01:pv13_ustomergraphrank_hub_rank:1:60:Market score=0.767 match_level=structural
2026-04-27 21:58:34,216 | WARNING | similarity warning candidate=2026-04-27-pv13-remaining-batch-01:pv13_ustomergraphrank_hub_rank:1:120:None score=0.768 match_level=structural
2026-04-27 21:58:34,337 | WARNING | similarity warning candidate=2026-04-27-pv13-remaining-batch-01:pv13_ustomergraphrank_hub_rank:1:120:Market score=0.768 match_level=structural
2026-04-27 21:58:34,463 | WARNING | similarity warning candidate=2026-04-27-pv13-remaining-batch-01:pv13_ustomergraphrank_hub_rank:2:20:None score=0.764 match_level=structural
2026-04-27 21:58:34,588 | WARNING | similarity warning candidate=2026-04-27-pv13-remaining-batch-01:pv13_ustomergraphrank_hub_rank:2:20:Market score=0.764 match_level=structural
2026-04-27 21:58:34,713 | WARNING | similarity warning candidate=2026-04-27-pv13-remaining-batch-01:pv13_ustomergraphrank_hub_rank:2:60:None score=0.756 match_level=structural
2026-04-27 21:58:34,836 | WARNING | similarity warning candidate=2026-04-27-pv13-remaining-batch-01:pv13_ustomergraphrank_hub_rank:2:60:Market score=0.756 match_level=structural
2026-04-27 21:58:34,962 | WARNING | similarity warning candidate=2026-04-27-pv13-remaining-batch-01:pv13_ustomergraphrank_hub_rank:2:120:None score=0.769 match_level=structural
2026-04-27 21:58:35,088 | WARNING | similarity warning candidate=2026-04-27-pv13-remaining-batch-01:pv13_ustomergraphrank_hub_rank:2:120:Market score=0.769 match_level=structural
2026-04-27 21:58:36,835 | WARNING | similarity warning candidate=2026-04-27-pv13-remaining-batch-01:pv13_ompetitorgraphrank_hub_rank:1:20:None score=0.731 match_level=structural
2026-04-27 21:58:36,959 | WARNING | similarity warning candidate=2026-04-27-pv13-remaining-batch-01:pv13_ompetitorgraphrank_hub_rank:1:20:Market score=0.731 match_level=structural
2026-04-27 21:58:37,080 | WARNING | similarity warning candidate=2026-04-27-pv13-remaining-batch-01:pv13_ompetitorgraphrank_hub_rank:1:60:None score=0.731 match_level=structural
2026-04-27 21:58:37,201 | WARNING | similarity warning candidate=2026-04-27-pv13-remaining-batch-01:pv13_ompetitorgraphrank_hub_rank:1:60:Market score=0.731 match_level=structural
2026-04-27 21:58:37,325 | WARNING | similarity warning candidate=2026-04-27-pv13-remaining-batch-01:pv13_ompetitorgraphrank_hub_rank:1:120:None score=0.733 match_level=structural
2026-04-27 21:58:37,452 | WARNING | similarity warning candidate=2026-04-27-pv13-remaining-batch-01:pv13_ompetitorgraphrank_hub_rank:1:120:Market score=0.733 match_level=structural
2026-04-27 21:58:37,582 | WARNING | similarity warning candidate=2026-04-27-pv13-remaining-batch-01:pv13_ompetitorgraphrank_hub_rank:2:20:None score=0.730 match_level=structural
2026-04-27 21:58:37,712 | WARNING | similarity warning candidate=2026-04-27-pv13-remaining-batch-01:pv13_ompetitorgraphrank_hub_rank:2:20:Market score=0.730 match_level=structural
2026-04-27 21:58:37,846 | WARNING | similarity warning candidate=2026-04-27-pv13-remaining-batch-01:pv13_ompetitorgraphrank_hub_rank:2:60:None score=0.722 match_level=structural
2026-04-27 21:58:37,979 | WARNING | similarity warning candidate=2026-04-27-pv13-remaining-batch-01:pv13_ompetitorgraphrank_hub_rank:2:60:Market score=0.722 match_level=structural
2026-04-27 21:58:38,109 | WARNING | similarity warning candidate=2026-04-27-pv13-remaining-batch-01:pv13_ompetitorgraphrank_hub_rank:2:120:None score=0.735 match_level=structural
2026-04-27 21:58:38,239 | WARNING | similarity warning candidate=2026-04-27-pv13-remaining-batch-01:pv13_ompetitorgraphrank_hub_rank:2:120:Market score=0.735 match_level=structural
2026-04-27 21:58:41,975 | WARNING | similarity warning candidate=2026-04-27-pv13-remaining-batch-01:pv13_com_rk_au:1:20:None score=0.729 match_level=structural
2026-04-27 21:58:42,051 | WARNING | similarity warning candidate=2026-04-27-pv13-remaining-batch-01:pv13_com_rk_au:1:20:Market score=0.729 match_level=structural
2026-04-27 21:58:42,128 | WARNING | similarity warning candidate=2026-04-27-pv13-remaining-batch-01:pv13_com_rk_au:1:60:None score=0.729 match_level=structural
2026-04-27 21:58:42,204 | WARNING | similarity warning candidate=2026-04-27-pv13-remaining-batch-01:pv13_com_rk_au:1:60:Market score=0.729 match_level=structural
2026-04-27 21:58:42,284 | WARNING | similarity warning candidate=2026-04-27-pv13-remaining-batch-01:pv13_com_rk_au:1:120:None score=0.731 match_level=structural
2026-04-27 21:58:42,363 | WARNING | similarity warning candidate=2026-04-27-pv13-remaining-batch-01:pv13_com_rk_au:1:120:Market score=0.731 match_level=structural
2026-04-27 21:58:42,444 | WARNING | similarity warning candidate=2026-04-27-pv13-remaining-batch-01:pv13_com_rk_au:2:20:None score=0.728 match_level=structural
2026-04-27 21:58:42,524 | WARNING | similarity warning candidate=2026-04-27-pv13-remaining-batch-01:pv13_com_rk_au:2:20:Market score=0.728 match_level=structural
2026-04-27 21:58:42,605 | WARNING | similarity warning candidate=2026-04-27-pv13-remaining-batch-01:pv13_com_rk_au:2:60:None score=0.715 match_level=structural
2026-04-27 21:58:42,686 | WARNING | similarity warning candidate=2026-04-27-pv13-remaining-batch-01:pv13_com_rk_au:2:60:Market score=0.715 match_level=structural
2026-04-27 21:58:42,771 | WARNING | similarity warning candidate=2026-04-27-pv13-remaining-batch-01:pv13_com_rk_au:2:120:None score=0.735 match_level=structural
2026-04-27 21:58:42,853 | WARNING | similarity warning candidate=2026-04-27-pv13-remaining-batch-01:pv13_com_rk_au:2:120:Market score=0.735 match_level=structural
2026-04-27 21:58:43,426 | WARNING | similarity warning candidate=2026-04-27-pv13-remaining-batch-01:pv13_com_rk_au:4:20:None score=0.701 match_level=structural
2026-04-27 21:58:43,533 | WARNING | similarity warning candidate=2026-04-27-pv13-remaining-batch-01:pv13_com_rk_au:4:20:Market score=0.701 match_level=structural
2026-04-27 21:58:43,640 | WARNING | similarity warning candidate=2026-04-27-pv13-remaining-batch-01:pv13_com_rk_au:4:60:None score=0.711 match_level=structural
2026-04-27 21:58:43,748 | WARNING | similarity warning candidate=2026-04-27-pv13-remaining-batch-01:pv13_com_rk_au:4:60:Market score=0.711 match_level=structural
2026-04-27 21:58:47,956 | WARNING | similarity warning candidate=2026-04-27-pv13-remaining-batch-01:pv13_revere_key_sector_total:1:20:None score=0.990 match_level=structural
2026-04-27 21:58:48,066 | WARNING | similarity warning candidate=2026-04-27-pv13-remaining-batch-01:pv13_revere_key_sector_total:1:20:Market score=0.990 match_level=structural
2026-04-27 21:58:48,066 | INFO | duplicate skipped candidate=2026-04-27-pv13-remaining-batch-01:pv13_revere_key_sector_total:1:60:None match_level=exact score=1.000
2026-04-27 21:58:48,066 | INFO | duplicate skipped candidate=2026-04-27-pv13-remaining-batch-01:pv13_revere_key_sector_total:1:60:Market match_level=exact score=1.000
2026-04-27 21:58:48,185 | WARNING | similarity warning candidate=2026-04-27-pv13-remaining-batch-01:pv13_revere_key_sector_total:1:120:None score=0.985 match_level=structural
2026-04-27 21:58:48,299 | WARNING | similarity warning candidate=2026-04-27-pv13-remaining-batch-01:pv13_revere_key_sector_total:1:120:Market score=0.985 match_level=structural
2026-04-27 21:58:49,142 | WARNING | similarity warning candidate=2026-04-27-pv13-remaining-batch-01:pv13_revere_key_sector_total:3:20:None score=0.754 match_level=structural
2026-04-27 21:58:49,255 | WARNING | similarity warning candidate=2026-04-27-pv13-remaining-batch-01:pv13_revere_key_sector_total:3:20:Market score=0.754 match_level=structural
2026-04-27 21:58:49,364 | WARNING | similarity warning candidate=2026-04-27-pv13-remaining-batch-01:pv13_revere_key_sector_total:3:60:None score=0.763 match_level=structural
2026-04-27 21:58:49,473 | WARNING | similarity warning candidate=2026-04-27-pv13-remaining-batch-01:pv13_revere_key_sector_total:3:60:Market score=0.763 match_level=structural
2026-04-27 21:58:49,584 | WARNING | similarity warning candidate=2026-04-27-pv13-remaining-batch-01:pv13_revere_key_sector_total:3:120:None score=0.750 match_level=structural
2026-04-27 21:58:49,699 | WARNING | similarity warning candidate=2026-04-27-pv13-remaining-batch-01:pv13_revere_key_sector_total:3:120:Market score=0.750 match_level=structural
2026-04-27 21:58:49,842 | WARNING | similarity warning candidate=2026-04-27-pv13-remaining-batch-01:pv13_revere_key_sector_total:4:20:None score=0.992 match_level=structural
2026-04-27 21:58:49,985 | WARNING | similarity warning candidate=2026-04-27-pv13-remaining-batch-01:pv13_revere_key_sector_total:4:20:Market score=0.992 match_level=structural
2026-04-27 21:58:49,985 | INFO | duplicate skipped candidate=2026-04-27-pv13-remaining-batch-01:pv13_revere_key_sector_total:4:60:None match_level=exact score=1.000
2026-04-27 21:58:49,985 | INFO | duplicate skipped candidate=2026-04-27-pv13-remaining-batch-01:pv13_revere_key_sector_total:4:60:Market match_level=exact score=1.000
2026-04-27 21:58:50,131 | WARNING | similarity warning candidate=2026-04-27-pv13-remaining-batch-01:pv13_revere_key_sector_total:4:120:None score=0.989 match_level=structural
2026-04-27 21:58:50,279 | WARNING | similarity warning candidate=2026-04-27-pv13-remaining-batch-01:pv13_revere_key_sector_total:4:120:Market score=0.989 match_level=structural
2026-04-27 21:58:52,364 | WARNING | similarity warning candidate=2026-04-27-pv13-remaining-batch-01:pv13_revere_index_value:1:20:None score=0.989 match_level=structural
2026-04-27 21:58:52,464 | WARNING | similarity warning candidate=2026-04-27-pv13-remaining-batch-01:pv13_revere_index_value:1:20:Market score=0.989 match_level=structural
2026-04-27 21:58:52,465 | INFO | duplicate skipped candidate=2026-04-27-pv13-remaining-batch-01:pv13_revere_index_value:1:60:None match_level=exact score=1.000
2026-04-27 21:58:52,466 | INFO | duplicate skipped candidate=2026-04-27-pv13-remaining-batch-01:pv13_revere_index_value:1:60:Market match_level=exact score=1.000
2026-04-27 21:58:52,573 | WARNING | similarity warning candidate=2026-04-27-pv13-remaining-batch-01:pv13_revere_index_value:1:120:None score=0.983 match_level=structural
2026-04-27 21:58:52,677 | WARNING | similarity warning candidate=2026-04-27-pv13-remaining-batch-01:pv13_revere_index_value:1:120:Market score=0.983 match_level=structural
2026-04-27 21:58:53,420 | WARNING | similarity warning candidate=2026-04-27-pv13-remaining-batch-01:pv13_revere_index_value:3:20:None score=0.747 match_level=structural
2026-04-27 21:58:53,521 | WARNING | similarity warning candidate=2026-04-27-pv13-remaining-batch-01:pv13_revere_index_value:3:20:Market score=0.747 match_level=structural
2026-04-27 21:58:53,621 | WARNING | similarity warning candidate=2026-04-27-pv13-remaining-batch-01:pv13_revere_index_value:3:60:None score=0.756 match_level=structural
2026-04-27 21:58:53,721 | WARNING | similarity warning candidate=2026-04-27-pv13-remaining-batch-01:pv13_revere_index_value:3:60:Market score=0.756 match_level=structural
2026-04-27 21:58:53,825 | WARNING | similarity warning candidate=2026-04-27-pv13-remaining-batch-01:pv13_revere_index_value:3:120:None score=0.743 match_level=structural
2026-04-27 21:58:53,931 | WARNING | similarity warning candidate=2026-04-27-pv13-remaining-batch-01:pv13_revere_index_value:3:120:Market score=0.743 match_level=structural
2026-04-27 21:58:54,067 | WARNING | similarity warning candidate=2026-04-27-pv13-remaining-batch-01:pv13_revere_index_value:4:20:None score=0.991 match_level=structural
2026-04-27 21:58:54,200 | WARNING | similarity warning candidate=2026-04-27-pv13-remaining-batch-01:pv13_revere_index_value:4:20:Market score=0.991 match_level=structural
2026-04-27 21:58:54,200 | INFO | duplicate skipped candidate=2026-04-27-pv13-remaining-batch-01:pv13_revere_index_value:4:60:None match_level=exact score=1.000
2026-04-27 21:58:54,200 | INFO | duplicate skipped candidate=2026-04-27-pv13-remaining-batch-01:pv13_revere_index_value:4:60:Market match_level=exact score=1.000
2026-04-27 21:58:54,338 | WARNING | similarity warning candidate=2026-04-27-pv13-remaining-batch-01:pv13_revere_index_value:4:120:None score=0.987 match_level=structural
2026-04-27 21:58:54,473 | WARNING | similarity warning candidate=2026-04-27-pv13-remaining-batch-01:pv13_revere_index_value:4:120:Market score=0.987 match_level=structural
2026-04-27 21:58:54,473 | INFO | dedupe summary total=240 duplicates=8 warnings=80 remaining=232
2026-04-27 21:58:54,474 | INFO | dry-run plan start
2026-04-27 21:58:54,474 | INFO | project_root=/Users/zpdedn/Documents/project/Worldquantbrain
2026-04-27 21:58:54,475 | INFO | fields_file=/Users/zpdedn/Documents/project/Worldquantbrain/runs/research-contracts/2026-04-27-pv13-remaining-field_candidates.json
2026-04-27 21:58:54,475 | INFO | ledger_rows=266
2026-04-27 21:58:54,475 | INFO | templates=ts_rank({field}, {decay}), ts_zscore({field}, {decay}), ts_mean({field}, {decay}), ts_rank(ts_mean({field}, 63), {decay})
2026-04-27 21:58:54,476 | INFO | decays=20, 60, 120
2026-04-27 21:58:54,476 | INFO | neutralizations=None, Market
2026-04-27 21:58:54,476 | INFO | planned_candidates=50
2026-04-27 21:58:54,476 | INFO | top_recommendations=5
2026-04-27 21:58:54,476 | INFO | top_field_cap=2
2026-04-27 21:58:54,476 | INFO | --- ranked plan ---
2026-04-27 21:58:54,476 | INFO | rank field                        decay neutralization tmp  alpha_cnt coverage complexity  score     expression
2026-04-27 21:58:54,476 | INFO | 1    pv13_revere_index_value      120   Market     1    425      1.000  1           0.501     ts_rank(pv13_revere_index_value, 120)
2026-04-27 21:58:54,476 | INFO | 2    pv13_revere_key_sector_total 120   Market     1    3318     1.000  1           0.500     ts_rank(pv13_revere_key_sector_total, 120)
2026-04-27 21:58:54,476 | INFO | 3    pv13_ompetitorgraphrank_hub_ 120   Market     1    1398     0.897  1           0.469     ts_rank(pv13_ompetitorgraphrank_hub_rank, 120)
2026-04-27 21:58:54,476 | INFO | 4    pv13_com_rk_au               120   Market     1    2201     0.897  1           0.469     ts_rank(pv13_com_rk_au, 120)
2026-04-27 21:58:54,476 | INFO | 5    rel_num_comp                 120   Market     1    1912     0.890  1           0.467     ts_rank(rel_num_comp, 120)
2026-04-27 21:58:54,476 | INFO | 6    pv13_ustomergraphrank_auth_r 120   Market     1    570      0.791  1           0.438     ts_rank(pv13_ustomergraphrank_auth_rank, 120)
2026-04-27 21:58:54,476 | INFO | 7    pv13_ustomergraphrank_hub_ra 120   Market     1    956      0.791  1           0.438     ts_rank(pv13_ustomergraphrank_hub_rank, 120)
2026-04-27 21:58:54,476 | INFO | 8    rel_num_part                 120   Market     1    6416     0.784  1           0.435     ts_rank(rel_num_part, 120)
2026-04-27 21:58:54,476 | INFO | 9    rel_ret_part                 120   Market     1    2746     0.710  1           0.413     ts_rank(rel_ret_part, 120)
2026-04-27 21:58:54,476 | INFO | 10   rel_num_cust                 120   Market     1    2416     0.507  1           0.352     ts_rank(rel_num_cust, 120)
2026-04-27 21:58:54,476 | INFO | 11   pv13_revere_index_value      120   None       1    425      1.000  1           0.501     ts_rank(pv13_revere_index_value, 120)
2026-04-27 21:58:54,476 | INFO | 12   pv13_revere_key_sector_total 120   None       1    3318     1.000  1           0.500     ts_rank(pv13_revere_key_sector_total, 120)
2026-04-27 21:58:54,476 | INFO | 13   pv13_ompetitorgraphrank_hub_ 120   None       1    1398     0.897  1           0.469     ts_rank(pv13_ompetitorgraphrank_hub_rank, 120)
2026-04-27 21:58:54,476 | INFO | 14   pv13_com_rk_au               120   None       1    2201     0.897  1           0.469     ts_rank(pv13_com_rk_au, 120)
2026-04-27 21:58:54,476 | INFO | 15   rel_num_comp                 120   None       1    1912     0.890  1           0.467     ts_rank(rel_num_comp, 120)
2026-04-27 21:58:54,476 | INFO | 16   pv13_ustomergraphrank_auth_r 120   None       1    570      0.791  1           0.438     ts_rank(pv13_ustomergraphrank_auth_rank, 120)
2026-04-27 21:58:54,476 | INFO | 17   pv13_ustomergraphrank_hub_ra 120   None       1    956      0.791  1           0.438     ts_rank(pv13_ustomergraphrank_hub_rank, 120)
2026-04-27 21:58:54,476 | INFO | 18   rel_num_part                 120   None       1    6416     0.784  1           0.435     ts_rank(rel_num_part, 120)
2026-04-27 21:58:54,476 | INFO | 19   rel_ret_part                 120   None       1    2746     0.710  1           0.413     ts_rank(rel_ret_part, 120)
2026-04-27 21:58:54,476 | INFO | 20   rel_num_cust                 120   None       1    2416     0.507  1           0.352     ts_rank(rel_num_cust, 120)
2026-04-27 21:58:54,476 | INFO | 21   pv13_revere_index_value      20    Market     1    425      1.000  1           0.501     ts_rank(pv13_revere_index_value, 20)
2026-04-27 21:58:54,476 | INFO | 22   pv13_revere_index_value      20    None       1    425      1.000  1           0.501     ts_rank(pv13_revere_index_value, 20)
2026-04-27 21:58:54,476 | INFO | 23   pv13_revere_index_value      120   Market     2    425      1.000  1           0.501     ts_zscore(pv13_revere_index_value, 120)
2026-04-27 21:58:54,476 | INFO | 24   pv13_revere_index_value      120   None       2    425      1.000  1           0.501     ts_zscore(pv13_revere_index_value, 120)
2026-04-27 21:58:54,476 | INFO | 25   pv13_revere_index_value      20    Market     2    425      1.000  1           0.501     ts_zscore(pv13_revere_index_value, 20)
2026-04-27 21:58:54,476 | INFO | 26   pv13_revere_index_value      20    None       2    425      1.000  1           0.501     ts_zscore(pv13_revere_index_value, 20)
2026-04-27 21:58:54,477 | INFO | 27   pv13_revere_index_value      60    Market     2    425      1.000  1           0.501     ts_zscore(pv13_revere_index_value, 60)
2026-04-27 21:58:54,477 | INFO | 28   pv13_revere_index_value      60    None       2    425      1.000  1           0.501     ts_zscore(pv13_revere_index_value, 60)
2026-04-27 21:58:54,477 | INFO | 29   pv13_revere_index_value      120   Market     3    425      1.000  1           0.501     ts_mean(pv13_revere_index_value, 120)
2026-04-27 21:58:54,477 | INFO | 30   pv13_revere_index_value      120   None       3    425      1.000  1           0.501     ts_mean(pv13_revere_index_value, 120)
2026-04-27 21:58:54,477 | INFO | 31   pv13_revere_index_value      20    Market     3    425      1.000  1           0.501     ts_mean(pv13_revere_index_value, 20)
2026-04-27 21:58:54,477 | INFO | 32   pv13_revere_index_value      20    None       3    425      1.000  1           0.501     ts_mean(pv13_revere_index_value, 20)
2026-04-27 21:58:54,477 | INFO | 33   pv13_revere_index_value      60    Market     3    425      1.000  1           0.501     ts_mean(pv13_revere_index_value, 60)
2026-04-27 21:58:54,477 | INFO | 34   pv13_revere_index_value      60    None       3    425      1.000  1           0.501     ts_mean(pv13_revere_index_value, 60)
2026-04-27 21:58:54,477 | INFO | 35   pv13_revere_key_sector_total 20    Market     1    3318     1.000  1           0.500     ts_rank(pv13_revere_key_sector_total, 20)
2026-04-27 21:58:54,477 | INFO | 36   pv13_revere_key_sector_total 20    None       1    3318     1.000  1           0.500     ts_rank(pv13_revere_key_sector_total, 20)
2026-04-27 21:58:54,477 | INFO | 37   pv13_revere_key_sector_total 120   Market     2    3318     1.000  1           0.500     ts_zscore(pv13_revere_key_sector_total, 120)
2026-04-27 21:58:54,477 | INFO | 38   pv13_revere_key_sector_total 120   None       2    3318     1.000  1           0.500     ts_zscore(pv13_revere_key_sector_total, 120)
2026-04-27 21:58:54,477 | INFO | 39   pv13_revere_key_sector_total 20    Market     2    3318     1.000  1           0.500     ts_zscore(pv13_revere_key_sector_total, 20)
2026-04-27 21:58:54,477 | INFO | 40   pv13_revere_key_sector_total 20    None       2    3318     1.000  1           0.500     ts_zscore(pv13_revere_key_sector_total, 20)
2026-04-27 21:58:54,477 | INFO | 41   pv13_revere_key_sector_total 60    Market     2    3318     1.000  1           0.500     ts_zscore(pv13_revere_key_sector_total, 60)
2026-04-27 21:58:54,477 | INFO | 42   pv13_revere_key_sector_total 60    None       2    3318     1.000  1           0.500     ts_zscore(pv13_revere_key_sector_total, 60)
2026-04-27 21:58:54,477 | INFO | 43   pv13_revere_key_sector_total 120   Market     3    3318     1.000  1           0.500     ts_mean(pv13_revere_key_sector_total, 120)
2026-04-27 21:58:54,477 | INFO | 44   pv13_revere_key_sector_total 120   None       3    3318     1.000  1           0.500     ts_mean(pv13_revere_key_sector_total, 120)
2026-04-27 21:58:54,477 | INFO | 45   pv13_revere_key_sector_total 20    Market     3    3318     1.000  1           0.500     ts_mean(pv13_revere_key_sector_total, 20)
2026-04-27 21:58:54,477 | INFO | 46   pv13_revere_key_sector_total 20    None       3    3318     1.000  1           0.500     ts_mean(pv13_revere_key_sector_total, 20)
2026-04-27 21:58:54,477 | INFO | 47   pv13_revere_key_sector_total 60    Market     3    3318     1.000  1           0.500     ts_mean(pv13_revere_key_sector_total, 60)
2026-04-27 21:58:54,477 | INFO | 48   pv13_revere_key_sector_total 60    None       3    3318     1.000  1           0.500     ts_mean(pv13_revere_key_sector_total, 60)
2026-04-27 21:58:54,477 | INFO | 49   pv13_ompetitorgraphrank_hub_ 20    Market     1    1398     0.897  1           0.469     ts_rank(pv13_ompetitorgraphrank_hub_rank, 20)
2026-04-27 21:58:54,477 | INFO | 50   pv13_ompetitorgraphrank_hub_ 20    None       1    1398     0.897  1           0.469     ts_rank(pv13_ompetitorgraphrank_hub_rank, 20)
2026-04-27 21:58:54,477 | INFO | --- top 5 (field-capped) ---
2026-04-27 21:58:54,477 | INFO | top=1 candidate=2026-04-27-pv13-remaining-batch-01:pv13_revere_index_value:1:120:Market score=0.501 expr=ts_rank(pv13_revere_index_value, 120)
2026-04-27 21:58:54,477 | INFO | top=2 candidate=2026-04-27-pv13-remaining-batch-01:pv13_revere_key_sector_total:1:120:Market score=0.500 expr=ts_rank(pv13_revere_key_sector_total, 120)
2026-04-27 21:58:54,478 | INFO | top=3 candidate=2026-04-27-pv13-remaining-batch-01:pv13_ompetitorgraphrank_hub_rank:1:120:Market score=0.469 expr=ts_rank(pv13_ompetitorgraphrank_hub_rank, 120)
2026-04-27 21:58:54,478 | INFO | top=4 candidate=2026-04-27-pv13-remaining-batch-01:pv13_com_rk_au:1:120:Market score=0.469 expr=ts_rank(pv13_com_rk_au, 120)
2026-04-27 21:58:54,478 | INFO | top=5 candidate=2026-04-27-pv13-remaining-batch-01:rel_num_comp:1:120:Market score=0.467 expr=ts_rank(rel_num_comp, 120)
2026-04-27 21:58:54,478 | INFO | dry-run plan end
2026-04-27 21:58:54,478 | INFO | summary={"mode": "dry", "planned": 50, "top": 5, "total_after_dedupe": 50}
