2026-04-27 18:46:34,485 | INFO | loaded field candidate file=/Users/zpdedn/.config/superpowers/worktrees/Worldquantbrain/batch-s0-pipeline/runs/research-contracts/2026-04-27-pv13-remaining-field_candidates.json
2026-04-27 18:46:34,485 | INFO | batch_id=2026-04-27-pv13-remaining-batch-01
2026-04-27 18:46:34,485 | INFO | field_count=10
2026-04-27 18:46:34,485 | INFO | generated_candidates=240
2026-04-27 18:46:34,616 | WARNING | similarity warning candidate=2026-04-27-pv13-remaining-batch-01:pv13_ustomergraphrank_auth_rank:1:20:None score=0.772 match_level=structural
2026-04-27 18:46:34,736 | WARNING | similarity warning candidate=2026-04-27-pv13-remaining-batch-01:pv13_ustomergraphrank_auth_rank:1:20:Market score=0.772 match_level=structural
2026-04-27 18:46:34,857 | WARNING | similarity warning candidate=2026-04-27-pv13-remaining-batch-01:pv13_ustomergraphrank_auth_rank:1:60:None score=0.772 match_level=structural
2026-04-27 18:46:34,977 | WARNING | similarity warning candidate=2026-04-27-pv13-remaining-batch-01:pv13_ustomergraphrank_auth_rank:1:60:Market score=0.772 match_level=structural
2026-04-27 18:46:35,093 | WARNING | similarity warning candidate=2026-04-27-pv13-remaining-batch-01:pv13_ustomergraphrank_auth_rank:1:120:None score=0.773 match_level=structural
2026-04-27 18:46:35,210 | WARNING | similarity warning candidate=2026-04-27-pv13-remaining-batch-01:pv13_ustomergraphrank_auth_rank:1:120:Market score=0.773 match_level=structural
2026-04-27 18:46:35,328 | WARNING | similarity warning candidate=2026-04-27-pv13-remaining-batch-01:pv13_ustomergraphrank_auth_rank:2:20:None score=0.769 match_level=structural
2026-04-27 18:46:35,447 | WARNING | similarity warning candidate=2026-04-27-pv13-remaining-batch-01:pv13_ustomergraphrank_auth_rank:2:20:Market score=0.769 match_level=structural
2026-04-27 18:46:35,566 | WARNING | similarity warning candidate=2026-04-27-pv13-remaining-batch-01:pv13_ustomergraphrank_auth_rank:2:60:None score=0.760 match_level=structural
2026-04-27 18:46:35,684 | WARNING | similarity warning candidate=2026-04-27-pv13-remaining-batch-01:pv13_ustomergraphrank_auth_rank:2:60:Market score=0.760 match_level=structural
2026-04-27 18:46:35,806 | WARNING | similarity warning candidate=2026-04-27-pv13-remaining-batch-01:pv13_ustomergraphrank_auth_rank:2:120:None score=0.774 match_level=structural
2026-04-27 18:46:35,927 | WARNING | similarity warning candidate=2026-04-27-pv13-remaining-batch-01:pv13_ustomergraphrank_auth_rank:2:120:Market score=0.774 match_level=structural
2026-04-27 18:46:37,595 | WARNING | similarity warning candidate=2026-04-27-pv13-remaining-batch-01:pv13_ustomergraphrank_hub_rank:1:20:None score=0.767 match_level=structural
2026-04-27 18:46:37,706 | WARNING | similarity warning candidate=2026-04-27-pv13-remaining-batch-01:pv13_ustomergraphrank_hub_rank:1:20:Market score=0.767 match_level=structural
2026-04-27 18:46:37,817 | WARNING | similarity warning candidate=2026-04-27-pv13-remaining-batch-01:pv13_ustomergraphrank_hub_rank:1:60:None score=0.767 match_level=structural
2026-04-27 18:46:37,928 | WARNING | similarity warning candidate=2026-04-27-pv13-remaining-batch-01:pv13_ustomergraphrank_hub_rank:1:60:Market score=0.767 match_level=structural
2026-04-27 18:46:38,042 | WARNING | similarity warning candidate=2026-04-27-pv13-remaining-batch-01:pv13_ustomergraphrank_hub_rank:1:120:None score=0.768 match_level=structural
2026-04-27 18:46:38,156 | WARNING | similarity warning candidate=2026-04-27-pv13-remaining-batch-01:pv13_ustomergraphrank_hub_rank:1:120:Market score=0.768 match_level=structural
2026-04-27 18:46:38,272 | WARNING | similarity warning candidate=2026-04-27-pv13-remaining-batch-01:pv13_ustomergraphrank_hub_rank:2:20:None score=0.764 match_level=structural
2026-04-27 18:46:38,388 | WARNING | similarity warning candidate=2026-04-27-pv13-remaining-batch-01:pv13_ustomergraphrank_hub_rank:2:20:Market score=0.764 match_level=structural
2026-04-27 18:46:38,504 | WARNING | similarity warning candidate=2026-04-27-pv13-remaining-batch-01:pv13_ustomergraphrank_hub_rank:2:60:None score=0.756 match_level=structural
2026-04-27 18:46:38,621 | WARNING | similarity warning candidate=2026-04-27-pv13-remaining-batch-01:pv13_ustomergraphrank_hub_rank:2:60:Market score=0.756 match_level=structural
2026-04-27 18:46:38,740 | WARNING | similarity warning candidate=2026-04-27-pv13-remaining-batch-01:pv13_ustomergraphrank_hub_rank:2:120:None score=0.769 match_level=structural
2026-04-27 18:46:38,859 | WARNING | similarity warning candidate=2026-04-27-pv13-remaining-batch-01:pv13_ustomergraphrank_hub_rank:2:120:Market score=0.769 match_level=structural
2026-04-27 18:46:40,502 | WARNING | similarity warning candidate=2026-04-27-pv13-remaining-batch-01:pv13_ompetitorgraphrank_hub_rank:1:20:None score=0.731 match_level=structural
2026-04-27 18:46:40,619 | WARNING | similarity warning candidate=2026-04-27-pv13-remaining-batch-01:pv13_ompetitorgraphrank_hub_rank:1:20:Market score=0.731 match_level=structural
2026-04-27 18:46:40,736 | WARNING | similarity warning candidate=2026-04-27-pv13-remaining-batch-01:pv13_ompetitorgraphrank_hub_rank:1:60:None score=0.731 match_level=structural
2026-04-27 18:46:40,852 | WARNING | similarity warning candidate=2026-04-27-pv13-remaining-batch-01:pv13_ompetitorgraphrank_hub_rank:1:60:Market score=0.731 match_level=structural
2026-04-27 18:46:40,970 | WARNING | similarity warning candidate=2026-04-27-pv13-remaining-batch-01:pv13_ompetitorgraphrank_hub_rank:1:120:None score=0.733 match_level=structural
2026-04-27 18:46:41,089 | WARNING | similarity warning candidate=2026-04-27-pv13-remaining-batch-01:pv13_ompetitorgraphrank_hub_rank:1:120:Market score=0.733 match_level=structural
2026-04-27 18:46:41,210 | WARNING | similarity warning candidate=2026-04-27-pv13-remaining-batch-01:pv13_ompetitorgraphrank_hub_rank:2:20:None score=0.730 match_level=structural
2026-04-27 18:46:41,331 | WARNING | similarity warning candidate=2026-04-27-pv13-remaining-batch-01:pv13_ompetitorgraphrank_hub_rank:2:20:Market score=0.730 match_level=structural
2026-04-27 18:46:41,453 | WARNING | similarity warning candidate=2026-04-27-pv13-remaining-batch-01:pv13_ompetitorgraphrank_hub_rank:2:60:None score=0.722 match_level=structural
2026-04-27 18:46:41,575 | WARNING | similarity warning candidate=2026-04-27-pv13-remaining-batch-01:pv13_ompetitorgraphrank_hub_rank:2:60:Market score=0.722 match_level=structural
2026-04-27 18:46:41,698 | WARNING | similarity warning candidate=2026-04-27-pv13-remaining-batch-01:pv13_ompetitorgraphrank_hub_rank:2:120:None score=0.735 match_level=structural
2026-04-27 18:46:41,822 | WARNING | similarity warning candidate=2026-04-27-pv13-remaining-batch-01:pv13_ompetitorgraphrank_hub_rank:2:120:Market score=0.735 match_level=structural
2026-04-27 18:46:45,375 | WARNING | similarity warning candidate=2026-04-27-pv13-remaining-batch-01:pv13_com_rk_au:1:20:None score=0.729 match_level=structural
2026-04-27 18:46:45,450 | WARNING | similarity warning candidate=2026-04-27-pv13-remaining-batch-01:pv13_com_rk_au:1:20:Market score=0.729 match_level=structural
2026-04-27 18:46:45,524 | WARNING | similarity warning candidate=2026-04-27-pv13-remaining-batch-01:pv13_com_rk_au:1:60:None score=0.729 match_level=structural
2026-04-27 18:46:45,598 | WARNING | similarity warning candidate=2026-04-27-pv13-remaining-batch-01:pv13_com_rk_au:1:60:Market score=0.729 match_level=structural
2026-04-27 18:46:45,673 | WARNING | similarity warning candidate=2026-04-27-pv13-remaining-batch-01:pv13_com_rk_au:1:120:None score=0.731 match_level=structural
2026-04-27 18:46:45,750 | WARNING | similarity warning candidate=2026-04-27-pv13-remaining-batch-01:pv13_com_rk_au:1:120:Market score=0.731 match_level=structural
2026-04-27 18:46:45,828 | WARNING | similarity warning candidate=2026-04-27-pv13-remaining-batch-01:pv13_com_rk_au:2:20:None score=0.728 match_level=structural
2026-04-27 18:46:45,907 | WARNING | similarity warning candidate=2026-04-27-pv13-remaining-batch-01:pv13_com_rk_au:2:20:Market score=0.728 match_level=structural
2026-04-27 18:46:45,985 | WARNING | similarity warning candidate=2026-04-27-pv13-remaining-batch-01:pv13_com_rk_au:2:60:None score=0.715 match_level=structural
2026-04-27 18:46:46,063 | WARNING | similarity warning candidate=2026-04-27-pv13-remaining-batch-01:pv13_com_rk_au:2:60:Market score=0.715 match_level=structural
2026-04-27 18:46:46,144 | WARNING | similarity warning candidate=2026-04-27-pv13-remaining-batch-01:pv13_com_rk_au:2:120:None score=0.735 match_level=structural
2026-04-27 18:46:46,225 | WARNING | similarity warning candidate=2026-04-27-pv13-remaining-batch-01:pv13_com_rk_au:2:120:Market score=0.735 match_level=structural
2026-04-27 18:46:58,387 | INFO | dedupe summary total=240 duplicates=0 warnings=48 remaining=240
2026-04-27 18:46:58,388 | INFO | dry-run plan start
2026-04-27 18:46:58,388 | INFO | project_root=/Users/zpdedn/.config/superpowers/worktrees/Worldquantbrain/batch-s0-pipeline
2026-04-27 18:46:58,389 | INFO | fields_file=/Users/zpdedn/.config/superpowers/worktrees/Worldquantbrain/batch-s0-pipeline/runs/research-contracts/2026-04-27-pv13-remaining-field_candidates.json
2026-04-27 18:46:58,389 | INFO | ledger_rows=262
2026-04-27 18:46:58,389 | INFO | templates=ts_rank({field}, {decay}), ts_zscore({field}, {decay}), ts_mean({field}, {decay}), ts_rank(ts_mean({field}, 63), {decay})
2026-04-27 18:46:58,389 | INFO | decays=20, 60, 120
2026-04-27 18:46:58,389 | INFO | neutralizations=None, Market
2026-04-27 18:46:58,389 | INFO | planned_candidates=100
2026-04-27 18:46:58,389 | INFO | top_recommendations=5
2026-04-27 18:46:58,389 | INFO | --- ranked plan ---
2026-04-27 18:46:58,389 | INFO | rank field                        decay neutralization tmp  alpha_cnt coverage complexity  score     expression
2026-04-27 18:46:58,389 | INFO | 1    pv13_revere_index_value      120   Market     1    425      1.000  1           0.501     ts_rank(pv13_revere_index_value, 120)
2026-04-27 18:46:58,389 | INFO | 2    pv13_revere_index_value      120   None       1    425      1.000  1           0.501     ts_rank(pv13_revere_index_value, 120)
2026-04-27 18:46:58,389 | INFO | 3    pv13_revere_index_value      20    Market     1    425      1.000  1           0.501     ts_rank(pv13_revere_index_value, 20)
2026-04-27 18:46:58,389 | INFO | 4    pv13_revere_index_value      20    None       1    425      1.000  1           0.501     ts_rank(pv13_revere_index_value, 20)
2026-04-27 18:46:58,389 | INFO | 5    pv13_revere_index_value      60    Market     1    425      1.000  1           0.501     ts_rank(pv13_revere_index_value, 60)
2026-04-27 18:46:58,389 | INFO | 6    pv13_revere_index_value      60    None       1    425      1.000  1           0.501     ts_rank(pv13_revere_index_value, 60)
2026-04-27 18:46:58,389 | INFO | 7    pv13_revere_index_value      120   Market     2    425      1.000  1           0.501     ts_zscore(pv13_revere_index_value, 120)
2026-04-27 18:46:58,389 | INFO | 8    pv13_revere_index_value      120   None       2    425      1.000  1           0.501     ts_zscore(pv13_revere_index_value, 120)
2026-04-27 18:46:58,389 | INFO | 9    pv13_revere_index_value      20    Market     2    425      1.000  1           0.501     ts_zscore(pv13_revere_index_value, 20)
2026-04-27 18:46:58,389 | INFO | 10   pv13_revere_index_value      20    None       2    425      1.000  1           0.501     ts_zscore(pv13_revere_index_value, 20)
2026-04-27 18:46:58,389 | INFO | 11   pv13_revere_index_value      60    Market     2    425      1.000  1           0.501     ts_zscore(pv13_revere_index_value, 60)
2026-04-27 18:46:58,389 | INFO | 12   pv13_revere_index_value      60    None       2    425      1.000  1           0.501     ts_zscore(pv13_revere_index_value, 60)
2026-04-27 18:46:58,389 | INFO | 13   pv13_revere_index_value      120   Market     3    425      1.000  1           0.501     ts_mean(pv13_revere_index_value, 120)
2026-04-27 18:46:58,389 | INFO | 14   pv13_revere_index_value      120   None       3    425      1.000  1           0.501     ts_mean(pv13_revere_index_value, 120)
2026-04-27 18:46:58,389 | INFO | 15   pv13_revere_index_value      20    Market     3    425      1.000  1           0.501     ts_mean(pv13_revere_index_value, 20)
2026-04-27 18:46:58,389 | INFO | 16   pv13_revere_index_value      20    None       3    425      1.000  1           0.501     ts_mean(pv13_revere_index_value, 20)
2026-04-27 18:46:58,390 | INFO | 17   pv13_revere_index_value      60    Market     3    425      1.000  1           0.501     ts_mean(pv13_revere_index_value, 60)
2026-04-27 18:46:58,390 | INFO | 18   pv13_revere_index_value      60    None       3    425      1.000  1           0.501     ts_mean(pv13_revere_index_value, 60)
2026-04-27 18:46:58,390 | INFO | 19   pv13_revere_key_sector_total 120   Market     1    3318     1.000  1           0.500     ts_rank(pv13_revere_key_sector_total, 120)
2026-04-27 18:46:58,390 | INFO | 20   pv13_revere_key_sector_total 120   None       1    3318     1.000  1           0.500     ts_rank(pv13_revere_key_sector_total, 120)
2026-04-27 18:46:58,390 | INFO | 21   pv13_revere_key_sector_total 20    Market     1    3318     1.000  1           0.500     ts_rank(pv13_revere_key_sector_total, 20)
2026-04-27 18:46:58,390 | INFO | 22   pv13_revere_key_sector_total 20    None       1    3318     1.000  1           0.500     ts_rank(pv13_revere_key_sector_total, 20)
2026-04-27 18:46:58,390 | INFO | 23   pv13_revere_key_sector_total 60    Market     1    3318     1.000  1           0.500     ts_rank(pv13_revere_key_sector_total, 60)
2026-04-27 18:46:58,390 | INFO | 24   pv13_revere_key_sector_total 60    None       1    3318     1.000  1           0.500     ts_rank(pv13_revere_key_sector_total, 60)
2026-04-27 18:46:58,390 | INFO | 25   pv13_revere_key_sector_total 120   Market     2    3318     1.000  1           0.500     ts_zscore(pv13_revere_key_sector_total, 120)
2026-04-27 18:46:58,390 | INFO | 26   pv13_revere_key_sector_total 120   None       2    3318     1.000  1           0.500     ts_zscore(pv13_revere_key_sector_total, 120)
2026-04-27 18:46:58,390 | INFO | 27   pv13_revere_key_sector_total 20    Market     2    3318     1.000  1           0.500     ts_zscore(pv13_revere_key_sector_total, 20)
2026-04-27 18:46:58,390 | INFO | 28   pv13_revere_key_sector_total 20    None       2    3318     1.000  1           0.500     ts_zscore(pv13_revere_key_sector_total, 20)
2026-04-27 18:46:58,390 | INFO | 29   pv13_revere_key_sector_total 60    Market     2    3318     1.000  1           0.500     ts_zscore(pv13_revere_key_sector_total, 60)
2026-04-27 18:46:58,390 | INFO | 30   pv13_revere_key_sector_total 60    None       2    3318     1.000  1           0.500     ts_zscore(pv13_revere_key_sector_total, 60)
2026-04-27 18:46:58,390 | INFO | 31   pv13_revere_key_sector_total 120   Market     3    3318     1.000  1           0.500     ts_mean(pv13_revere_key_sector_total, 120)
2026-04-27 18:46:58,390 | INFO | 32   pv13_revere_key_sector_total 120   None       3    3318     1.000  1           0.500     ts_mean(pv13_revere_key_sector_total, 120)
2026-04-27 18:46:58,390 | INFO | 33   pv13_revere_key_sector_total 20    Market     3    3318     1.000  1           0.500     ts_mean(pv13_revere_key_sector_total, 20)
2026-04-27 18:46:58,390 | INFO | 34   pv13_revere_key_sector_total 20    None       3    3318     1.000  1           0.500     ts_mean(pv13_revere_key_sector_total, 20)
2026-04-27 18:46:58,390 | INFO | 35   pv13_revere_key_sector_total 60    Market     3    3318     1.000  1           0.500     ts_mean(pv13_revere_key_sector_total, 60)
2026-04-27 18:46:58,390 | INFO | 36   pv13_revere_key_sector_total 60    None       3    3318     1.000  1           0.500     ts_mean(pv13_revere_key_sector_total, 60)
2026-04-27 18:46:58,390 | INFO | 37   pv13_ompetitorgraphrank_hub_ 120   Market     1    1398     0.897  1           0.469     ts_rank(pv13_ompetitorgraphrank_hub_rank, 120)
2026-04-27 18:46:58,390 | INFO | 38   pv13_ompetitorgraphrank_hub_ 120   None       1    1398     0.897  1           0.469     ts_rank(pv13_ompetitorgraphrank_hub_rank, 120)
2026-04-27 18:46:58,390 | INFO | 39   pv13_ompetitorgraphrank_hub_ 20    Market     1    1398     0.897  1           0.469     ts_rank(pv13_ompetitorgraphrank_hub_rank, 20)
2026-04-27 18:46:58,390 | INFO | 40   pv13_ompetitorgraphrank_hub_ 20    None       1    1398     0.897  1           0.469     ts_rank(pv13_ompetitorgraphrank_hub_rank, 20)
2026-04-27 18:46:58,390 | INFO | 41   pv13_ompetitorgraphrank_hub_ 60    Market     1    1398     0.897  1           0.469     ts_rank(pv13_ompetitorgraphrank_hub_rank, 60)
2026-04-27 18:46:58,390 | INFO | 42   pv13_ompetitorgraphrank_hub_ 60    None       1    1398     0.897  1           0.469     ts_rank(pv13_ompetitorgraphrank_hub_rank, 60)
2026-04-27 18:46:58,390 | INFO | 43   pv13_ompetitorgraphrank_hub_ 120   Market     2    1398     0.897  1           0.469     ts_zscore(pv13_ompetitorgraphrank_hub_rank, 120)
2026-04-27 18:46:58,390 | INFO | 44   pv13_ompetitorgraphrank_hub_ 120   None       2    1398     0.897  1           0.469     ts_zscore(pv13_ompetitorgraphrank_hub_rank, 120)
2026-04-27 18:46:58,390 | INFO | 45   pv13_ompetitorgraphrank_hub_ 20    Market     2    1398     0.897  1           0.469     ts_zscore(pv13_ompetitorgraphrank_hub_rank, 20)
2026-04-27 18:46:58,390 | INFO | 46   pv13_ompetitorgraphrank_hub_ 20    None       2    1398     0.897  1           0.469     ts_zscore(pv13_ompetitorgraphrank_hub_rank, 20)
2026-04-27 18:46:58,390 | INFO | 47   pv13_ompetitorgraphrank_hub_ 60    Market     2    1398     0.897  1           0.469     ts_zscore(pv13_ompetitorgraphrank_hub_rank, 60)
2026-04-27 18:46:58,390 | INFO | 48   pv13_ompetitorgraphrank_hub_ 60    None       2    1398     0.897  1           0.469     ts_zscore(pv13_ompetitorgraphrank_hub_rank, 60)
2026-04-27 18:46:58,390 | INFO | 49   pv13_ompetitorgraphrank_hub_ 120   Market     3    1398     0.897  1           0.469     ts_mean(pv13_ompetitorgraphrank_hub_rank, 120)
2026-04-27 18:46:58,390 | INFO | 50   pv13_ompetitorgraphrank_hub_ 120   None       3    1398     0.897  1           0.469     ts_mean(pv13_ompetitorgraphrank_hub_rank, 120)
2026-04-27 18:46:58,390 | INFO | 51   pv13_ompetitorgraphrank_hub_ 20    Market     3    1398     0.897  1           0.469     ts_mean(pv13_ompetitorgraphrank_hub_rank, 20)
2026-04-27 18:46:58,390 | INFO | 52   pv13_ompetitorgraphrank_hub_ 20    None       3    1398     0.897  1           0.469     ts_mean(pv13_ompetitorgraphrank_hub_rank, 20)
2026-04-27 18:46:58,390 | INFO | 53   pv13_ompetitorgraphrank_hub_ 60    Market     3    1398     0.897  1           0.469     ts_mean(pv13_ompetitorgraphrank_hub_rank, 60)
2026-04-27 18:46:58,390 | INFO | 54   pv13_ompetitorgraphrank_hub_ 60    None       3    1398     0.897  1           0.469     ts_mean(pv13_ompetitorgraphrank_hub_rank, 60)
2026-04-27 18:46:58,390 | INFO | 55   pv13_com_rk_au               120   Market     1    2201     0.897  1           0.469     ts_rank(pv13_com_rk_au, 120)
2026-04-27 18:46:58,390 | INFO | 56   pv13_com_rk_au               120   None       1    2201     0.897  1           0.469     ts_rank(pv13_com_rk_au, 120)
2026-04-27 18:46:58,391 | INFO | 57   pv13_com_rk_au               20    Market     1    2201     0.897  1           0.469     ts_rank(pv13_com_rk_au, 20)
2026-04-27 18:46:58,391 | INFO | 58   pv13_com_rk_au               20    None       1    2201     0.897  1           0.469     ts_rank(pv13_com_rk_au, 20)
2026-04-27 18:46:58,391 | INFO | 59   pv13_com_rk_au               60    Market     1    2201     0.897  1           0.469     ts_rank(pv13_com_rk_au, 60)
2026-04-27 18:46:58,391 | INFO | 60   pv13_com_rk_au               60    None       1    2201     0.897  1           0.469     ts_rank(pv13_com_rk_au, 60)
2026-04-27 18:46:58,391 | INFO | 61   pv13_com_rk_au               120   Market     2    2201     0.897  1           0.469     ts_zscore(pv13_com_rk_au, 120)
2026-04-27 18:46:58,391 | INFO | 62   pv13_com_rk_au               120   None       2    2201     0.897  1           0.469     ts_zscore(pv13_com_rk_au, 120)
2026-04-27 18:46:58,391 | INFO | 63   pv13_com_rk_au               20    Market     2    2201     0.897  1           0.469     ts_zscore(pv13_com_rk_au, 20)
2026-04-27 18:46:58,391 | INFO | 64   pv13_com_rk_au               20    None       2    2201     0.897  1           0.469     ts_zscore(pv13_com_rk_au, 20)
2026-04-27 18:46:58,391 | INFO | 65   pv13_com_rk_au               60    Market     2    2201     0.897  1           0.469     ts_zscore(pv13_com_rk_au, 60)
2026-04-27 18:46:58,391 | INFO | 66   pv13_com_rk_au               60    None       2    2201     0.897  1           0.469     ts_zscore(pv13_com_rk_au, 60)
2026-04-27 18:46:58,391 | INFO | 67   pv13_com_rk_au               120   Market     3    2201     0.897  1           0.469     ts_mean(pv13_com_rk_au, 120)
2026-04-27 18:46:58,391 | INFO | 68   pv13_com_rk_au               120   None       3    2201     0.897  1           0.469     ts_mean(pv13_com_rk_au, 120)
2026-04-27 18:46:58,391 | INFO | 69   pv13_com_rk_au               20    Market     3    2201     0.897  1           0.469     ts_mean(pv13_com_rk_au, 20)
2026-04-27 18:46:58,391 | INFO | 70   pv13_com_rk_au               20    None       3    2201     0.897  1           0.469     ts_mean(pv13_com_rk_au, 20)
2026-04-27 18:46:58,391 | INFO | 71   pv13_com_rk_au               60    Market     3    2201     0.897  1           0.469     ts_mean(pv13_com_rk_au, 60)
2026-04-27 18:46:58,391 | INFO | 72   pv13_com_rk_au               60    None       3    2201     0.897  1           0.469     ts_mean(pv13_com_rk_au, 60)
2026-04-27 18:46:58,391 | INFO | 73   rel_num_comp                 120   Market     1    1912     0.890  1           0.467     ts_rank(rel_num_comp, 120)
2026-04-27 18:46:58,391 | INFO | 74   rel_num_comp                 120   None       1    1912     0.890  1           0.467     ts_rank(rel_num_comp, 120)
2026-04-27 18:46:58,391 | INFO | 75   rel_num_comp                 20    Market     1    1912     0.890  1           0.467     ts_rank(rel_num_comp, 20)
2026-04-27 18:46:58,391 | INFO | 76   rel_num_comp                 20    None       1    1912     0.890  1           0.467     ts_rank(rel_num_comp, 20)
2026-04-27 18:46:58,391 | INFO | 77   rel_num_comp                 60    Market     1    1912     0.890  1           0.467     ts_rank(rel_num_comp, 60)
2026-04-27 18:46:58,391 | INFO | 78   rel_num_comp                 60    None       1    1912     0.890  1           0.467     ts_rank(rel_num_comp, 60)
2026-04-27 18:46:58,391 | INFO | 79   rel_num_comp                 120   Market     2    1912     0.890  1           0.467     ts_zscore(rel_num_comp, 120)
2026-04-27 18:46:58,391 | INFO | 80   rel_num_comp                 120   None       2    1912     0.890  1           0.467     ts_zscore(rel_num_comp, 120)
2026-04-27 18:46:58,391 | INFO | 81   rel_num_comp                 20    Market     2    1912     0.890  1           0.467     ts_zscore(rel_num_comp, 20)
2026-04-27 18:46:58,391 | INFO | 82   rel_num_comp                 20    None       2    1912     0.890  1           0.467     ts_zscore(rel_num_comp, 20)
2026-04-27 18:46:58,391 | INFO | 83   rel_num_comp                 60    Market     2    1912     0.890  1           0.467     ts_zscore(rel_num_comp, 60)
2026-04-27 18:46:58,391 | INFO | 84   rel_num_comp                 60    None       2    1912     0.890  1           0.467     ts_zscore(rel_num_comp, 60)
2026-04-27 18:46:58,391 | INFO | 85   rel_num_comp                 120   Market     3    1912     0.890  1           0.467     ts_mean(rel_num_comp, 120)
2026-04-27 18:46:58,391 | INFO | 86   rel_num_comp                 120   None       3    1912     0.890  1           0.467     ts_mean(rel_num_comp, 120)
2026-04-27 18:46:58,391 | INFO | 87   rel_num_comp                 20    Market     3    1912     0.890  1           0.467     ts_mean(rel_num_comp, 20)
2026-04-27 18:46:58,391 | INFO | 88   rel_num_comp                 20    None       3    1912     0.890  1           0.467     ts_mean(rel_num_comp, 20)
2026-04-27 18:46:58,391 | INFO | 89   rel_num_comp                 60    Market     3    1912     0.890  1           0.467     ts_mean(rel_num_comp, 60)
2026-04-27 18:46:58,391 | INFO | 90   rel_num_comp                 60    None       3    1912     0.890  1           0.467     ts_mean(rel_num_comp, 60)
2026-04-27 18:46:58,391 | INFO | 91   pv13_ustomergraphrank_auth_r 120   Market     1    570      0.791  1           0.438     ts_rank(pv13_ustomergraphrank_auth_rank, 120)
2026-04-27 18:46:58,391 | INFO | 92   pv13_ustomergraphrank_auth_r 120   None       1    570      0.791  1           0.438     ts_rank(pv13_ustomergraphrank_auth_rank, 120)
2026-04-27 18:46:58,391 | INFO | 93   pv13_ustomergraphrank_auth_r 20    Market     1    570      0.791  1           0.438     ts_rank(pv13_ustomergraphrank_auth_rank, 20)
2026-04-27 18:46:58,391 | INFO | 94   pv13_ustomergraphrank_auth_r 20    None       1    570      0.791  1           0.438     ts_rank(pv13_ustomergraphrank_auth_rank, 20)
2026-04-27 18:46:58,391 | INFO | 95   pv13_ustomergraphrank_auth_r 60    Market     1    570      0.791  1           0.438     ts_rank(pv13_ustomergraphrank_auth_rank, 60)
2026-04-27 18:46:58,392 | INFO | 96   pv13_ustomergraphrank_auth_r 60    None       1    570      0.791  1           0.438     ts_rank(pv13_ustomergraphrank_auth_rank, 60)
2026-04-27 18:46:58,392 | INFO | 97   pv13_ustomergraphrank_auth_r 120   Market     2    570      0.791  1           0.438     ts_zscore(pv13_ustomergraphrank_auth_rank, 120)
2026-04-27 18:46:58,392 | INFO | 98   pv13_ustomergraphrank_auth_r 120   None       2    570      0.791  1           0.438     ts_zscore(pv13_ustomergraphrank_auth_rank, 120)
2026-04-27 18:46:58,392 | INFO | 99   pv13_ustomergraphrank_auth_r 20    Market     2    570      0.791  1           0.438     ts_zscore(pv13_ustomergraphrank_auth_rank, 20)
2026-04-27 18:46:58,392 | INFO | 100  pv13_ustomergraphrank_auth_r 20    None       2    570      0.791  1           0.438     ts_zscore(pv13_ustomergraphrank_auth_rank, 20)
2026-04-27 18:46:58,392 | INFO | --- top 5 ---
2026-04-27 18:46:58,392 | INFO | top=1 candidate=2026-04-27-pv13-remaining-batch-01:pv13_revere_index_value:1:120:Market score=0.501 expr=ts_rank(pv13_revere_index_value, 120)
2026-04-27 18:46:58,392 | INFO | top=2 candidate=2026-04-27-pv13-remaining-batch-01:pv13_revere_index_value:1:120:None score=0.501 expr=ts_rank(pv13_revere_index_value, 120)
2026-04-27 18:46:58,392 | INFO | top=3 candidate=2026-04-27-pv13-remaining-batch-01:pv13_revere_index_value:1:20:Market score=0.501 expr=ts_rank(pv13_revere_index_value, 20)
2026-04-27 18:46:58,392 | INFO | top=4 candidate=2026-04-27-pv13-remaining-batch-01:pv13_revere_index_value:1:20:None score=0.501 expr=ts_rank(pv13_revere_index_value, 20)
2026-04-27 18:46:58,392 | INFO | top=5 candidate=2026-04-27-pv13-remaining-batch-01:pv13_revere_index_value:1:60:Market score=0.501 expr=ts_rank(pv13_revere_index_value, 60)
2026-04-27 18:46:58,392 | INFO | dry-run plan end
2026-04-27 18:46:58,392 | INFO | summary={"mode": "dry", "planned": 100, "top": 5, "total_after_dedupe": 100}
